
> braided-streamgraph-demo@0.1.0 dev
> vite --host 127.0.0.1


  [32m[1mVITE[22m v5.4.21[39m  [2mready in [0m[1m431[22m[2m[0m ms[22m

  [32m➜[39m  [1mLocal[22m:   [36mhttp://127.0.0.1:[1m5173[22m/[39m
[2m01:24:58[22m [36m[1m[vite][22m[39m [32mhmr update [39m[2m/src/views/InsetDetailView.vue, /src/views/SpaghettiView.vue[22m
[2m01:25:17[22m [36m[1m[vite][22m[39m [32mhmr update [39m[2m/src/WorkbenchPage.vue, /src/views/MultiscaleLabPage.vue, /src/views/ControlPanelView.vue, /src/views/InsetDetailView.vue, /src/views/OptimizingVariantControls.vue[22m
[2m01:26:25[22m [36m[1m[vite][22m[39m [32mhmr update [39m[2m/src/WorkbenchPage.vue, /src/views/MultiscaleLabPage.vue[22m
[2m01:26:40[22m [36m[1m[vite][22m[39m [32mhmr update [39m[2m/src/WorkbenchPage.vue, /src/views/MultiscaleLabPage.vue, /src/views/GlobalStreamView.vue, /src/views/InsetDetailView.vue[22m
[2m01:26:56[22m [36m[1m[vite][22m[39m [32mhmr update [39m[2m/src/WorkbenchPage.vue, /src/views/MultiscaleLabPage.vue, /src/views/GlobalStreamView.vue, /src/views/InsetDetailView.vue[22m
[2m01:27:09[22m [36m[1m[vite][22m[39m [32mhmr update [39m[2m/src/views/MultiscaleLabPage.vue, /src/WorkbenchPage.vue, /src/views/GlobalStreamView.vue, /src/views/InsetDetailView.vue[22m
[2m01:27:24[22m [36m[1m[vite][22m[39m [32mhmr update [39m[2m/src/WorkbenchPage.vue[22m
[2m01:27:35[22m [36m[1m[vite][22m[39m [32mhmr update [39m[2m/src/WorkbenchPage.vue[22m
[2m01:27:46[22m [36m[1m[vite][22m[39m [32mhmr update [39m[2m/src/WorkbenchPage.vue[22m
[2m01:28:04[22m [36m[1m[vite][22m[39m [32mhmr update [39m[2m/src/WorkbenchPage.vue[22m
[2m01:28:25[22m [36m[1m[vite][22m[39m [32mhmr update [39m[2m/src/WorkbenchPage.vue[22m
[2m01:30:27[22m [36m[1m[vite][22m[39m [32mhmr update [39m[2m/src/views/ControlPanelView.vue[22m
[2m01:30:37[22m [36m[1m[vite][22m[39m [32mhmr update [39m[2m/src/views/GlobalStreamView.vue[22m
[2m01:30:49[22m [36m[1m[vite][22m[39m [32mhmr update [39m[2m/src/WorkbenchPage.vue[22m
[2m01:31:17[22m [36m[1m[vite][22m[39m [32mhmr update [39m[2m/src/views/OptimizingVariantControls.vue[22m
[2m01:32:38[22m [36m[1m[vite][22m[39m [32mhmr update [39m[2m/src/views/OptimizingVariantControls.vue[22m
[2m01:33:01[22m [36m[1m[vite][22m[39m [32mhmr update [39m[2m/src/WorkbenchPage.vue, /src/views/MultiscaleLabPage.vue, /src/views/GlobalStreamView.vue, /src/views/InsetDetailView.vue[22m
[2m01:33:06[22m [36m[1m[vite][22m[39m [32mpage reload [39m[2msrc/layout/roiRecommend.ts[22m
[2m01:40:01[22m [36m[1m[vite][22m[39m [32mhmr update [39m[2m/src/WorkbenchPage.vue[22m
[2m01:40:07[22m [36m[1m[vite][22m[39m [32mhmr update [39m[2m/src/WorkbenchPage.vue, /src/views/MultiscaleLabPage.vue, /src/views/GlobalStreamView.vue, /src/views/InsetDetailView.vue[22m
[2m01:40:13[22m [36m[1m[vite][22m[39m [32mhmr update [39m[2m/src/WorkbenchPage.vue, /src/views/MultiscaleLabPage.vue[22m
[2m01:40:19[22m [36m[1m[vite][22m[39m [32mhmr update [39m[2m/src/views/OptimizingVariantControls.vue[22m
[2m01:40:23[22m [36m[1m[vite][22m[39m [32mhmr update [39m[2m/src/WorkbenchPage.vue, /src/views/MultiscaleLabPage.vue, /src/views/ControlPanelView.vue, /src/views/InsetDetailView.vue, /src/views/OptimizingVariantControls.vue[22m
[2m01:50:37[22m [36m[1m[vite][22m[39m [32mhmr update [39m[2m/src/views/GlobalStreamView.vue, /src/views/InsetDetailView.vue[22m
[2m01:51:20[22m [36m[1m[vite][22m[39m [32mhmr update [39m[2m/src/views/GlobalStreamView.vue, /src/views/InsetDetailView.vue[22m
[2m01:51:31[22m [36m[1m[vite][22m[39m [32mhmr update [39m[2m/src/views/GlobalStreamView.vue[22m
[2m01:51:43[22m [36m[1m[vite][22m[39m [32mhmr update [39m[2m/src/views/InsetDetailView.vue[22m
[2m01:51:52[22m [36m[1m[vite][22m[39m [32mhmr update [39m[2m/src/views/GlobalStreamView.vue[22m
[2m01:52:28[22m [36m[1m[vite][22m[39m [32mhmr update [39m[2m/src/views/GlobalStreamView.vue[22m
[2m01:52:56[22m [36m[1m[vite][22m[39m [32mhmr update [39m[2m/src/views/InsetDetailView.vue[22m
[2m01:53:49[22m [36m[1m[vite][22m[39m [32mhmr update [39m[2m/src/views/SpaghettiView.vue[22m
[2m01:54:02[22m [36m[1m[vite][22m[39m [32mhmr update [39m[2m/src/views/SpaghettiView.vue[22m
[2m01:54:23[22m [36m[1m[vite][22m[39m [32mhmr update [39m[2m/src/views/SpaghettiView.vue[22m
[2m01:54:30[22m [36m[1m[vite][22m[39m [32mhmr update [39m[2m/src/views/SpaghettiView.vue[22m
[2m01:54:36[22m [36m[1m[vite][22m[39m [32mhmr update [39m[2m/src/views/SpaghettiView.vue[22m
[2m02:01:46[22m [36m[1m[vite][22m[39m [32mhmr update [39m[2m/src/views/InsetDetailView.vue[22m
[2m02:02:00[22m [36m[1m[vite][22m[39m [32mhmr update [39m[2m/src/views/InsetDetailView.vue[22m
[2m02:02:08[22m [36m[1m[vite][22m[39m [32mhmr update [39m[2m/src/views/InsetDetailView.vue[22m
[2m02:02:15[22m [36m[1m[vite][22m[39m [32mhmr update [39m[2m/src/WorkbenchPage.vue[22m
[2m02:02:31[22m [36m[1m[vite][22m[39m [32mhmr update [39m[2m/src/views/InsetDetailView.vue[22m
[2m02:19:44[22m [36m[1m[vite][22m[39m [32mhmr update [39m[2m/src/WorkbenchPage.vue, /src/views/MultiscaleLabPage.vue[22m
[2m02:20:36[22m [36m[1m[vite][22m[39m [32mhmr update [39m[2m/src/WorkbenchPage.vue, /src/views/MultiscaleLabPage.vue[22m
[2m02:20:56[22m [36m[1m[vite][22m[39m [32mhmr update [39m[2m/src/WorkbenchPage.vue, /src/views/MultiscaleLabPage.vue, /src/views/MetricsView.vue[22m
[2m02:21:05[22m [36m[1m[vite][22m[39m [32mhmr update [39m[2m/src/views/InsetDetailView.vue, /src/views/SpaghettiView.vue[22m
[2m02:21:12[22m [36m[1m[vite][22m[39m [32mhmr update [39m[2m/src/WorkbenchPage.vue, /src/views/MultiscaleLabPage.vue, /src/views/ControlPanelView.vue, /src/views/InsetDetailView.vue, /src/views/OptimizingVariantControls.vue[22m
[2m02:21:23[22m [36m[1m[vite][22m[39m [32mhmr update [39m[2m/src/views/OptimizingVariantControls.vue[22m
[2m02:21:37[22m [36m[1m[vite][22m[39m [32mhmr update [39m[2m/src/WorkbenchPage.vue[22m
[2m02:21:46[22m [36m[1m[vite][22m[39m [32mhmr update [39m[2m/src/WorkbenchPage.vue, /src/views/MultiscaleLabPage.vue[22m
[2m02:22:12[22m [36m[1m[vite][22m[39m [32mhmr update [39m[2m/src/WorkbenchPage.vue, /src/views/MultiscaleLabPage.vue, /src/views/GlobalStreamView.vue, /src/views/InsetDetailView.vue[22m
[2m02:22:25[22m [36m[1m[vite][22m[39m [32mhmr update [39m[2m/src/views/MetricsView.vue[22m
[2m02:23:04[22m [36m[1m[vite][22m[39m [32mhmr update [39m[2m/src/WorkbenchPage.vue, /src/views/MultiscaleLabPage.vue[22m
[2m02:23:17[22m [36m[1m[vite][22m[39m [32mhmr update [39m[2m/src/WorkbenchPage.vue, /src/views/MultiscaleLabPage.vue[22m
[2m02:23:30[22m [36m[1m[vite][22m[39m [32mhmr update [39m[2m/src/WorkbenchPage.vue, /src/views/MultiscaleLabPage.vue[22m
[2m02:31:45[22m [36m[1m[vite][22m[39m [32mhmr update [39m[2m/src/WorkbenchPage.vue, /src/views/MultiscaleLabPage.vue[22m
[2m02:56:00[22m [36m[1m[vite][22m[39m [32mhmr update [39m[2m/src/WorkbenchPage.vue, /src/views/MultiscaleLabPage.vue[22m
[2m02:56:23[22m [36m[1m[vite][22m[39m [32mhmr update [39m[2m/src/WorkbenchPage.vue, /src/views/MultiscaleLabPage.vue[22m
[2m02:56:45[22m [36m[1m[vite][22m[39m [32mhmr update [39m[2m/src/WorkbenchPage.vue, /src/views/MultiscaleLabPage.vue[22m
[2m02:56:57[22m [36m[1m[vite][22m[39m [32mhmr update [39m[2m/src/WorkbenchPage.vue, /src/views/MultiscaleLabPage.vue[22m
[2m02:57:18[22m [36m[1m[vite][22m[39m [32mhmr update [39m[2m/src/WorkbenchPage.vue, /src/views/MultiscaleLabPage.vue[22m
[2m02:57:33[22m [36m[1m[vite][22m[39m [32mhmr update [39m[2m/src/WorkbenchPage.vue, /src/views/MultiscaleLabPage.vue[22m
[2m02:57:44[22m [36m[1m[vite][22m[39m [32mhmr update [39m[2m/src/WorkbenchPage.vue, /src/views/MultiscaleLabPage.vue, /src/views/MetricsView.vue[22m
[2m02:57:56[22m [36m[1m[vite][22m[39m [32mhmr update [39m[2m/src/WorkbenchPage.vue, /src/views/MultiscaleLabPage.vue, /src/views/GlobalStreamView.vue, /src/views/InsetDetailView.vue[22m
[2m02:58:04[22m [36m[1m[vite][22m[39m [32mhmr update [39m[2m/src/views/MetricsView.vue[22m
[2m02:58:23[22m [36m[1m[vite][22m[39m [32mhmr update [39m[2m/src/WorkbenchPage.vue, /src/views/MultiscaleLabPage.vue, /src/views/MetricsView.vue[22m
[2m02:58:30[22m [36m[1m[vite][22m[39m [32mhmr update [39m[2m/src/views/OptimizingVariantControls.vue[22m
[2m02:58:36[22m [36m[1m[vite][22m[39m [32mhmr update [39m[2m/src/WorkbenchPage.vue, /src/views/MultiscaleLabPage.vue[22m
[2m02:58:43[22m [36m[1m[vite][22m[39m [32mhmr update [39m[2m/src/WorkbenchPage.vue, /src/views/MultiscaleLabPage.vue, /src/views/GlobalStreamView.vue, /src/views/InsetDetailView.vue[22m
[2m02:58:48[22m [36m[1m[vite][22m[39m [32mhmr update [39m[2m/src/WorkbenchPage.vue, /src/views/MultiscaleLabPage.vue[22m
[2m02:58:57[22m [36m[1m[vite][22m[39m [32mhmr update [39m[2m/src/WorkbenchPage.vue, /src/views/MultiscaleLabPage.vue, /src/views/MetricsView.vue[22m
[2m03:06:12[22m [36m[1m[vite][22m[39m [32mhmr update [39m[2m/src/views/MultiscaleLabPage.vue[22m
[2m03:06:20[22m [36m[1m[vite][22m[39m [32mhmr update [39m[2m/src/views/MultiscaleLabPage.vue[22m
[2m10:37:59[22m [36m[1m[vite][22m[39m [32mhmr update [39m[2m/src/views/SpaghettiView.vue, /src/views/GlobalStreamView.vue, /src/views/InsetDetailView.vue[22m
[2m10:38:09[22m [36m[1m[vite][22m[39m [32mhmr update [39m[2m/src/views/GlobalStreamView.vue[22m
[2m10:38:20[22m [36m[1m[vite][22m[39m [32mhmr update [39m[2m/src/styles.css[22m
[2m00:34:53[22m [36m[1m[vite][22m[39m [32mhmr update [39m[2m/src/WorkbenchPage.vue, /src/views/MultiscaleLabPage.vue, /src/views/ControlPanelView.vue, /src/views/InsetDetailView.vue, /src/views/OptimizingVariantControls.vue[22m
[2m00:35:21[22m [36m[1m[vite][22m[39m [32mhmr update [39m[2m/src/views/OptimizingVariantControls.vue[22m
[2m00:36:02[22m [36m[1m[vite][22m[39m [32mhmr update [39m[2m/src/WorkbenchPage.vue, /src/views/MultiscaleLabPage.vue, /src/views/GlobalStreamView.vue, /src/views/InsetDetailView.vue[22m
[2m00:36:34[22m [36m[1m[vite][22m[39m [32mhmr update [39m[2m/src/views/InsetDetailView.vue[22m
[2m00:36:45[22m [36m[1m[vite][22m[39m [32mhmr update [39m[2m/src/styles.css[22m
[2m00:37:02[22m [36m[1m[vite][22m[39m [32mhmr update [39m[2m/src/WorkbenchPage.vue[22m
[2m00:54:41[22m [36m[1m[vite][22m[39m [32mhmr update [39m[2m/src/views/InsetDetailView.vue, /src/views/SpaghettiView.vue[22m
[2m00:55:22[22m [36m[1m[vite][22m[39m [32mhmr update [39m[2m/src/views/MultiscaleLabPage.vue, /src/WorkbenchPage.vue, /src/views/InsetDetailView.vue[22m
[2m00:55:37[22m [36m[1m[vite][22m[39m [32mhmr update [39m[2m/src/WorkbenchPage.vue, /src/views/MultiscaleLabPage.vue[22m
[2m00:56:47[22m [36m[1m[vite][22m[39m [32mhmr update [39m[2m/src/WorkbenchPage.vue, /src/views/MultiscaleLabPage.vue, /src/views/InsetDetailView.vue[22m
[2m00:57:05[22m [36m[1m[vite][22m[39m [32mhmr update [39m[2m/src/WorkbenchPage.vue, /src/views/MultiscaleLabPage.vue, /src/views/InsetDetailView.vue[22m
[2m00:57:21[22m [36m[1m[vite][22m[39m [32mhmr update [39m[2m/src/views/InsetDetailView.vue[22m
[2m01:10:13[22m [36m[1m[vite][22m[39m [32mhmr update [39m[2m/src/WorkbenchPage.vue, /src/views/MultiscaleLabPage.vue[22m
[2m01:10:28[22m [36m[1m[vite][22m[39m [32mhmr update [39m[2m/src/WorkbenchPage.vue, /src/views/MultiscaleLabPage.vue, /src/views/InsetDetailView.vue[22m
[2m01:10:42[22m [36m[1m[vite][22m[39m [32mhmr update [39m[2m/src/views/InsetDetailView.vue[22m
